C:/Users/mayur/Documents/STM32F446RE_Bare_metal/Driver/core/core_cm4.h:1684:22:__NVIC_EnableIRQ	16	static,ignoring_inline_asm
../Src/main.c:33:13:uart_callback	8	static
../Src/main.c:48:6:USART2_IRQHandler	8	static
../Src/main.c:57:5:main	8	static
../Src/main.c:78:6:uart2_rxtx_interrupt_init	8	static
../Src/main.c:127:6:uart2_read	4	static
../Src/main.c:137:6:uart2_write	16	static
../Src/main.c:145:6:USART_Text_Write_UART2	16	static
../Src/main.c:150:13:uart_set_baudrate	24	static
../Src/main.c:154:17:comute_uart_bd	16	static
