12:12:28 **** Incremental Build of configuration Debug for project 03_uart_tx_rx ****
make -j12 all 
arm-none-eabi-gcc "../Src/main.c" -mcpu=cortex-m4 -std=gnu11 -g3 -DDEBUG -DSTM32 -DSTM32F4 -DSTM32F446RETx -DNUCLEO_F446RE -c -I../Inc -I"C:/Users/mayur/Documents/STM32F446RE_Bare_metal/Driver/core" -I"C:/Users/mayur/Documents/STM32F446RE_Bare_metal/Driver/device" -O0 -ffunction-sections -fdata-sections -Wall -fstack-usage -fcyclomatic-complexity -MMD -MP -MF"Src/main.d" -MT"Src/main.o" --specs=nano.specs -mfpu=fpv4-sp-d16 -mfloat-abi=hard -mthumb -o "Src/main.o"
arm-none-eabi-gcc -o "03_uart_tx_rx.elf" @"objects.list"   -mcpu=cortex-m4 -T"C:\Users\mayur\Documents\STM32F446RE_Bare_metal\03_uart_tx_rx\STM32F446RETX_FLASH.ld" --specs=nosys.specs -Wl,-Map="03_uart_tx_rx.map" -Wl,--gc-sections -static --specs=nano.specs -mfpu=fpv4-sp-d16 -mfloat-abi=hard -mthumb -Wl,--start-group -lc -lm -Wl,--end-group
Finished building target: 03_uart_tx_rx.elf
 
arm-none-eabi-size  03_uart_tx_rx.elf 
arm-none-eabi-objdump -h -S 03_uart_tx_rx.elf  > "03_uart_tx_rx.list"
   text	   data	    bss	    dec	    hex	filename
   1284	      0	   1584	   2868	    b34	03_uart_tx_rx.elf
Finished building: default.size.stdout
 
Finished building: 03_uart_tx_rx.list
 

12:12:28 Build Finished. 0 errors, 0 warnings. (took 497ms)

