15:38:30 **** Incremental Build of configuration Debug for project 11_Timer_interrupt_1s ****
make -j12 all 
arm-none-eabi-gcc "../Src/main.c" -mcpu=cortex-m4 -std=gnu11 -g3 -DDEBUG -DSTM32 -DSTM32F4 -DSTM32F446RETx -DNUCLEO_F446RE -c -I../Inc -I"C:/Users/mayur/Documents/STM32F446RE_Bare_metal/Driver/core" -I"C:/Users/mayur/Documents/STM32F446RE_Bare_metal/Driver/device" -O0 -ffunction-sections -fdata-sections -Wall -fstack-usage -fcyclomatic-complexity -MMD -MP -MF"Src/main.d" -MT"Src/main.o" --specs=nano.specs -mfpu=fpv4-sp-d16 -mfloat-abi=hard -mthumb -o "Src/main.o"
arm-none-eabi-gcc -o "11_Timer_interrupt_1s.elf" @"objects.list"   -mcpu=cortex-m4 -T"C:\Users\mayur\Documents\STM32F446RE_Bare_metal\11_Timer_interrupt_1s\STM32F446RETX_FLASH.ld" --specs=nosys.specs -Wl,-Map="11_Timer_interrupt_1s.map" -Wl,--gc-sections -static --specs=nano.specs -mfpu=fpv4-sp-d16 -mfloat-abi=hard -mthumb -Wl,--start-group -lc -lm -Wl,--end-group
Finished building target: 11_Timer_interrupt_1s.elf
 
arm-none-eabi-size  11_Timer_interrupt_1s.elf 
arm-none-eabi-objdump -h -S 11_Timer_interrupt_1s.elf  > "11_Timer_interrupt_1s.list"
   text	   data	    bss	    dec	    hex	filename
    980	      0	   1568	   2548	    9f4	11_Timer_interrupt_1s.elf
Finished building: default.size.stdout
 
Finished building: 11_Timer_interrupt_1s.list
 

15:38:30 Build Finished. 0 errors, 0 warnings. (took 442ms)

