18:53:21 **** Incremental Build of configuration Debug for project 13 ****
make -j12 all 
arm-none-eabi-gcc "../Src/main.c" -mcpu=cortex-m4 -std=gnu11 -g3 -DDEBUG -DSTM32 -DSTM32F4 -DSTM32F446RETx -DNUCLEO_F446RE -c -I../Inc -I"C:/Users/mayur/Documents/STM32F446RE_Bare_metal/Driver/core" -I"C:/Users/mayur/Documents/STM32F446RE_Bare_metal/Driver/device" -O0 -ffunction-sections -fdata-sections -Wall -fstack-usage -fcyclomatic-complexity -MMD -MP -MF"Src/main.d" -MT"Src/main.o" --specs=nano.specs -mfpu=fpv4-sp-d16 -mfloat-abi=hard -mthumb -o "Src/main.o"
arm-none-eabi-gcc -o "13.elf" @"objects.list"   -mcpu=cortex-m4 -T"C:\Users\mayur\Documents\STM32F446RE_Bare_metal\13\STM32F446RETX_FLASH.ld" --specs=nosys.specs -Wl,-Map="13.map" -Wl,--gc-sections -static --specs=nano.specs -mfpu=fpv4-sp-d16 -mfloat-abi=hard -mthumb -Wl,--start-group -lc -lm -Wl,--end-group
Finished building target: 13.elf
 
arm-none-eabi-size  13.elf 
arm-none-eabi-objdump -h -S 13.elf  > "13.list"
   text	   data	    bss	    dec	    hex	filename
   1220	      0	   1568	   2788	    ae4	13.elf
Finished building: default.size.stdout
 
Finished building: 13.list
 

18:53:22 Build Finished. 0 errors, 0 warnings. (took 445ms)

