19:23:32 **** Incremental Build of configuration Debug for project 14_Empty ****
make -j12 all 
arm-none-eabi-gcc "../Src/main.c" -mcpu=cortex-m4 -std=gnu11 -g3 -DDEBUG -DSTM32 -DSTM32F4 -DSTM32F446RETx -DNUCLEO_F446RE -c -I../Inc -I"C:/Users/mayur/Documents/STM32F446RE_Bare_metal/Driver/core" -I"C:/Users/mayur/Documents/STM32F446RE_Bare_metal/Driver/device" -O0 -ffunction-sections -fdata-sections -Wall -fstack-usage -fcyclomatic-complexity -MMD -MP -MF"Src/main.d" -MT"Src/main.o" --specs=nano.specs -mfpu=fpv4-sp-d16 -mfloat-abi=hard -mthumb -o "Src/main.o"
arm-none-eabi-gcc -o "14_Empty.elf" @"objects.list"   -mcpu=cortex-m4 -T"C:\Users\mayur\Documents\STM32F446RE_Bare_metal\14_Empty\STM32F446RETX_FLASH.ld" --specs=nosys.specs -Wl,-Map="14_Empty.map" -Wl,--gc-sections -static --specs=nano.specs -mfpu=fpv4-sp-d16 -mfloat-abi=hard -mthumb -Wl,--start-group -lc -lm -Wl,--end-group
Finished building target: 14_Empty.elf
 
arm-none-eabi-size  14_Empty.elf 
arm-none-eabi-objdump -h -S 14_Empty.elf  > "14_Empty.list"
   text	   data	    bss	    dec	    hex	filename
    720	      0	   1568	   2288	    8f0	14_Empty.elf
Finished building: default.size.stdout
 
Finished building: 14_Empty.list
 

19:23:32 Build Finished. 0 errors, 0 warnings. (took 492ms)

